\set ECHO none
# TRANSACTION INTENTIONALLY LEFT OPEN!
